// Jest Snapshot v1, https://goo.gl/fbAQLP

exports[`renders correctly 1`] = `
<Menu
  bodyClassName=""
  burgerBarClassName=""
  burgerButtonClassName=""
  className=""
  crossButtonClassName=""
  crossClassName=""
  disableCloseOnEsc={false}
  id=""
  itemClassName=""
  itemListClassName=""
  menuClassName=""
  morphShapeClassName=""
  noOverlay={false}
  onStateChange={[Function]}
  outerContainerId="outer-container"
  overlayClassName=""
  pageWrapId="page-wrap"
  slide="true"
  styles={Object {}}
  width={300}
>
  <UserProfilePage
    onSignOut={[Function]}
    username=""
  />
</Menu>
`;
